// Jest Snapshot v1, https://goo.gl/fbAQLP

exports[`<SignUpFormComponent /> should render correctly 1`] = `
<form
  onSubmit={[Function]}
  style={
    Object {
      "width": "360px",
    }
  }
>
  <input
    name="username"
    onChange={[Function]}
    placeholder="Username"
    style={
      Object {
        "display": "block",
        "marginBottom": "1rem",
        "padding": ".5rem",
        "width": "100%",
      }
    }
    type="text"
    value=""
  />
  <input
    name="email"
    onChange={[Function]}
    placeholder="Email Address"
    style={
      Object {
        "display": "block",
        "marginBottom": "1rem",
        "padding": ".5rem",
        "width": "100%",
      }
    }
    type="email"
    value=""
  />
  <input
    name="passwordOne"
    onChange={[Function]}
    placeholder="Password"
    style={
      Object {
        "display": "block",
        "marginBottom": "1rem",
        "padding": ".5rem",
        "width": "100%",
      }
    }
    type="password"
    value=""
  />
  <input
    name="passwordTwo"
    onChange={[Function]}
    placeholder="Confirm Password"
    style={
      Object {
        "display": "block",
        "marginBottom": "1rem",
        "padding": ".5rem",
        "width": "100%",
      }
    }
    type="password"
    value=""
  />
  <button
    disabled={true}
    style={
      Object {
        "padding": ".5rem",
        "textTransform": "uppercase",
      }
    }
    type="submit"
  >
    Sign Up
  </button>
</form>
`;
