// Jest Snapshot v1, https://goo.gl/fbAQLP

exports[`<HomeScreen /> should render correctly 1`] = `
<div>
  <div
    style={
      Object {
        "display": "flex",
        "justifyContent": "space-between",
        "marginTop": "20px",
      }
    }
  >
    <h2
      style={
        Object {
          "marginTop": 0,
        }
      }
    >
      Welcome to react-redux-firebase-starter 
    </h2>
    <code>
      Version 
      0.0.0
    </code>
  </div>
  <h4>
    <span
      aria-label="Under Construction"
      role="img"
    >
      ⚠️
    </span>
    Under Construction
  </h4>
  <p>
    This is a starter application implementing React, Redux and Firebase.
  </p>
</div>
`;
