// Jest Snapshot v1, https://goo.gl/fbAQLP

exports[`<AccountScreen /> should render correctly 1`] = `
<div>
  <h2>
    Account
  </h2>
  <p>
    <strong>
      Email Address:
    </strong>
    <span
      style={
        Object {
          "marginLeft": ".5rem",
        }
      }
    >
      
    </span>
  </p>
</div>
`;
