// Jest Snapshot v1, https://goo.gl/fbAQLP

exports[`<PasswordForgetScreen /> should render correctly 1`] = `
<div>
  <h2>
    Forgot Password?
  </h2>
  <form
    autoComplete="off"
    onSubmit={[Function]}
    style={
      Object {
        "width": "360px",
      }
    }
  >
    <input
      autoComplete="off"
      name="email"
      onChange={[Function]}
      placeholder="Email Address"
      style={
        Object {
          "display": "block",
          "marginBottom": "1rem",
          "padding": ".5rem",
          "width": "100%",
        }
      }
      type="email"
      value=""
    />
    <button
      disabled={true}
      style={
        Object {
          "padding": ".5rem",
          "textTransform": "uppercase",
        }
      }
      type="submit"
    >
      Reset My Password
    </button>
  </form>
</div>
`;
